user_feels(happy)
user_feels(sad)
user_feels(sad)
user_feels(sad)
user_feels(sad)
user_feels(sad)
user_feels(sad)
user_feels(happy)
user_talked_about(work)
user_feels(sad)
user_talked_about(work)
user_feels(sad)
user_talked_about(work)
user_feels(sad)
user_talked_about(work)
user_mentioned(pressure)
user_feels(sad)
user_talked_about(work)
user_mentioned(pressure)
user_feels(angry)
user_talked_about(family)
user_talked_about(relationship)
user_feels(sad)
user_talked_about(work)
user_talked_about(relationship)
